
  <!DOCTYPE html>
  <html lang="en">
    <head>
      <meta charset="utf-8" />
      <meta
        content="minimum-scale=1, initial-scale=1, width=device-width"
        name="viewport"
      />
      <title>apex.testing</title>
      <meta property="og:type" content="website" />
      <meta property="og:title" content="apex.testing" />
      <style>
      
  body {
    color: rgba(0, 0, 0, 0.87);
    font-family: Arial, sans-serif;
    line-height: 1.4;
    background-color: #fff;
  }

  .wrapper {
    position: relative;
    width: 100%;
    max-width: 872px;
    padding: 0 36px;
    margin: 48px auto 96px;
  }

  .container {
    font-size: 16px;
    font-weight: 400;
    line-height: 1.65em;
    color: rgba(0, 0, 0, 0.87);
  }
  .container .label {
    margin-right: 0.5em;
  }
  .container .label:after {
    content: ":";
  }
  .container a {
    color: #17509a;
    cursor: pointer;
    text-decoration: none;
  }
  .container ol,
  .container p,
  .container ul {
    margin-bottom: 1.4em;
  }
  .container li {
    margin-bottom: 0.35em;
  }
  .container h1,
  .container h2,
  .container h3,
  .container h4 {
    margin-top: 0em;
    margin-bottom: 0.7em;
    font-weight: 400;
    line-height: 1.4em;
  }
  .container h1 {
    font-size: 3em;
  }
  .container h2 {
    font-size: 2em;
  }
  .container h3 {
    font-size: 1.5em;
  }
  .container h4 {
    font-size: 1.25em;
  }
  .container h1 {
    position: relative;
    padding-top: 0.75em;
  }
  .container h1:before {
    content: " ";
    position: absolute;
    top: 0;
    left: 0;
    background: #17509a;
    width: 80px;
    height: 12px;
  }
  .container h2 {
    position: relative;
    padding-bottom: 0.5em;
    border-bottom: solid 2px #17509a;
  }
  .container h2:before {
    content: " ";
    position: absolute;
    bottom: 0;
    background: #17509a;
    width: 60px;
    height: 6px;
  }
  .container h3 {
    color: #17509a;
  }
  .container .interface-definition .operation {
    border-bottom: 4px solid #f0f0f0;
    padding: 1rem;
  }
  .container .interface-definition .return {
    font-family: monospace;
  }
  .container .interface-definition .return:before {
    content: "Return Type: ";
    display: "inline-block";
    font-family: sans-serif;
  }
  .container .interface-definition .parameters {
    padding-top: 1.5rem;
  }
  .container .interface-definition .parameters:before {
    content: "Parameters: ";
    display: "inline-block";
    position: absolute;
    margin-top: -1.5rem;
  }
  .container .interface-definition ul {
    border-left: 1px solid #ccc;
    list-style-type: none;
    padding-left: 1em;
    margin-left: 0.2em;
  }
  .container .interface-definition ul h4 {
    font-family: monospace;
    font-weight: bold;
  }
  .container ol {
    width: 100%;
    margin-bottom: 1.4em;
    padding-left: 1rem;
  }
  .container ol li {
    align-items: flex-start;
    list-style-type: none;
  }
  .container ol li span {
    font-family: monospace;
  }
  .container ol li span.name {
    font-weight: bold;
    min-width: 125px;
  }
  .container ol li span.name:after {
    content: ": ";
    display: "inline";
  }
  .container ol li span.name {
    min-width: 125px;
  }
  .container ol li span.description {
    width: 100%;
    padding-left: 1rem;
    font-family: sans-serif;
    min-width: 125px;
  }
  .container ol .container table td.field-optional {
    width: 2rem;
    text-align: center;
  }
  
      </style>
    </head>
    <body>
      <div class="wrapper">
        <div class="container">
          <div>
            <div>
              <h1>apex.testing</h1>
              <div class="namespace-definition">
                <h2 class="namespace"><span class=label>Namespace</span>apex.testing</h2>
                <p class="description"></p>
              </div>
              <h2>Interfaces</h2>
              
  <div class="interface-definition">
  <h3 id="MyService">MyService</h3>
  <p>MyService service</p>
  <ul>
    
    <li>
    <div class=operation>
      <h4>emptyVoid</h4>
      <p>This takes no parameters and returns nothing</p>
      <div class=return>
      <span>void</span>
      </div>
      <div class="parameters">
      
      <span>None</span>
      
      </div>
    </div>
    </li>
    
    <li>
    <div class=operation>
      <h4>unaryType</h4>
      
      <div class=return>
      <span>MyType</span>
      </div>
      <div class="parameters">
      
      <ol>
        
        <li>
          <span class="name">value</span>
          <span class="type ">MyType</span>
          <span class="description">value type</span> 
        </li>
        
      </ol>
      
      </div>
    </div>
    </li>
    
    <li>
    <div class=operation>
      <h4>unaryEnum</h4>
      
      <div class=return>
      <span>MyEnum</span>
      </div>
      <div class="parameters">
      
      <ol>
        
        <li>
          <span class="name">value</span>
          <span class="type ">MyEnum</span>
          
        </li>
        
      </ol>
      
      </div>
    </div>
    </li>
    
    <li>
    <div class=operation>
      <h4>unaryAlias</h4>
      
      <div class=return>
      <span>UUID</span>
      </div>
      <div class="parameters">
      
      <ol>
        
        <li>
          <span class="name">value</span>
          <span class="type ">UUID</span>
          
        </li>
        
      </ol>
      
      </div>
    </div>
    </li>
    
    <li>
    <div class=operation>
      <h4>unaryString</h4>
      
      <div class=return>
      <span>string</span>
      </div>
      <div class="parameters">
      
      <ol>
        
        <li>
          <span class="name">value</span>
          <span class="type ">string</span>
          
        </li>
        
      </ol>
      
      </div>
    </div>
    </li>
    
    <li>
    <div class=operation>
      <h4>unaryI64</h4>
      
      <div class=return>
      <span>i64</span>
      </div>
      <div class="parameters">
      
      <ol>
        
        <li>
          <span class="name">value</span>
          <span class="type ">i64</span>
          
        </li>
        
      </ol>
      
      </div>
    </div>
    </li>
    
    <li>
    <div class=operation>
      <h4>unaryI32</h4>
      
      <div class=return>
      <span>i32</span>
      </div>
      <div class="parameters">
      
      <ol>
        
        <li>
          <span class="name">value</span>
          <span class="type ">i32</span>
          
        </li>
        
      </ol>
      
      </div>
    </div>
    </li>
    
    <li>
    <div class=operation>
      <h4>unaryI16</h4>
      
      <div class=return>
      <span>i16</span>
      </div>
      <div class="parameters">
      
      <ol>
        
        <li>
          <span class="name">value</span>
          <span class="type ">i16</span>
          
        </li>
        
      </ol>
      
      </div>
    </div>
    </li>
    
    <li>
    <div class=operation>
      <h4>unaryI8</h4>
      
      <div class=return>
      <span>i8</span>
      </div>
      <div class="parameters">
      
      <ol>
        
        <li>
          <span class="name">value</span>
          <span class="type ">i8</span>
          
        </li>
        
      </ol>
      
      </div>
    </div>
    </li>
    
    <li>
    <div class=operation>
      <h4>unaryU64</h4>
      
      <div class=return>
      <span>u64</span>
      </div>
      <div class="parameters">
      
      <ol>
        
        <li>
          <span class="name">value</span>
          <span class="type ">u64</span>
          
        </li>
        
      </ol>
      
      </div>
    </div>
    </li>
    
    <li>
    <div class=operation>
      <h4>unaryU32</h4>
      
      <div class=return>
      <span>u32</span>
      </div>
      <div class="parameters">
      
      <ol>
        
        <li>
          <span class="name">value</span>
          <span class="type ">u32</span>
          
        </li>
        
      </ol>
      
      </div>
    </div>
    </li>
    
    <li>
    <div class=operation>
      <h4>unaryU16</h4>
      
      <div class=return>
      <span>u16</span>
      </div>
      <div class="parameters">
      
      <ol>
        
        <li>
          <span class="name">value</span>
          <span class="type ">u16</span>
          
        </li>
        
      </ol>
      
      </div>
    </div>
    </li>
    
    <li>
    <div class=operation>
      <h4>unaryU8</h4>
      
      <div class=return>
      <span>u8</span>
      </div>
      <div class="parameters">
      
      <ol>
        
        <li>
          <span class="name">value</span>
          <span class="type ">u8</span>
          
        </li>
        
      </ol>
      
      </div>
    </div>
    </li>
    
    <li>
    <div class=operation>
      <h4>unaryF64</h4>
      
      <div class=return>
      <span>f64</span>
      </div>
      <div class="parameters">
      
      <ol>
        
        <li>
          <span class="name">value</span>
          <span class="type ">f64</span>
          
        </li>
        
      </ol>
      
      </div>
    </div>
    </li>
    
    <li>
    <div class=operation>
      <h4>unaryF32</h4>
      
      <div class=return>
      <span>f32</span>
      </div>
      <div class="parameters">
      
      <ol>
        
        <li>
          <span class="name">value</span>
          <span class="type ">f32</span>
          
        </li>
        
      </ol>
      
      </div>
    </div>
    </li>
    
    <li>
    <div class=operation>
      <h4>unaryBytes</h4>
      
      <div class=return>
      <span>bytes</span>
      </div>
      <div class="parameters">
      
      <ol>
        
        <li>
          <span class="name">value</span>
          <span class="type ">bytes</span>
          
        </li>
        
      </ol>
      
      </div>
    </div>
    </li>
    
    <li>
    <div class=operation>
      <h4>funcType</h4>
      
      <div class=return>
      <span>MyType</span>
      </div>
      <div class="parameters">
      
      <ol>
        
        <li>
          <span class="name">value</span>
          <span class="type ">MyType</span>
          
        </li>
        
        <li>
          <span class="name">optional</span>
          <span class="type optional">MyType</span>
          
        </li>
        
      </ol>
      
      </div>
    </div>
    </li>
    
    <li>
    <div class=operation>
      <h4>funcEnum</h4>
      
      <div class=return>
      <span>MyEnum</span>
      </div>
      <div class="parameters">
      
      <ol>
        
        <li>
          <span class="name">value</span>
          <span class="type ">MyEnum</span>
          
        </li>
        
        <li>
          <span class="name">optional</span>
          <span class="type optional">MyEnum</span>
          
        </li>
        
      </ol>
      
      </div>
    </div>
    </li>
    
    <li>
    <div class=operation>
      <h4>funcAlias</h4>
      
      <div class=return>
      <span>UUID</span>
      </div>
      <div class="parameters">
      
      <ol>
        
        <li>
          <span class="name">value</span>
          <span class="type ">UUID</span>
          
        </li>
        
        <li>
          <span class="name">optional</span>
          <span class="type optional">UUID</span>
          
        </li>
        
      </ol>
      
      </div>
    </div>
    </li>
    
    <li>
    <div class=operation>
      <h4>funcString</h4>
      
      <div class=return>
      <span>string</span>
      </div>
      <div class="parameters">
      
      <ol>
        
        <li>
          <span class="name">value</span>
          <span class="type ">string</span>
          
        </li>
        
        <li>
          <span class="name">optional</span>
          <span class="type optional">string</span>
          
        </li>
        
      </ol>
      
      </div>
    </div>
    </li>
    
    <li>
    <div class=operation>
      <h4>funcI64</h4>
      
      <div class=return>
      <span>i64</span>
      </div>
      <div class="parameters">
      
      <ol>
        
        <li>
          <span class="name">value</span>
          <span class="type ">i64</span>
          
        </li>
        
        <li>
          <span class="name">optional</span>
          <span class="type optional">i64</span>
          
        </li>
        
      </ol>
      
      </div>
    </div>
    </li>
    
    <li>
    <div class=operation>
      <h4>funcI32</h4>
      
      <div class=return>
      <span>i32</span>
      </div>
      <div class="parameters">
      
      <ol>
        
        <li>
          <span class="name">value</span>
          <span class="type ">i32</span>
          
        </li>
        
        <li>
          <span class="name">optional</span>
          <span class="type optional">i32</span>
          
        </li>
        
      </ol>
      
      </div>
    </div>
    </li>
    
    <li>
    <div class=operation>
      <h4>funcI16</h4>
      
      <div class=return>
      <span>i16</span>
      </div>
      <div class="parameters">
      
      <ol>
        
        <li>
          <span class="name">value</span>
          <span class="type ">i16</span>
          
        </li>
        
        <li>
          <span class="name">optional</span>
          <span class="type optional">i16</span>
          
        </li>
        
      </ol>
      
      </div>
    </div>
    </li>
    
    <li>
    <div class=operation>
      <h4>funcI8</h4>
      
      <div class=return>
      <span>i8</span>
      </div>
      <div class="parameters">
      
      <ol>
        
        <li>
          <span class="name">value</span>
          <span class="type ">i8</span>
          
        </li>
        
        <li>
          <span class="name">optional</span>
          <span class="type optional">i8</span>
          
        </li>
        
      </ol>
      
      </div>
    </div>
    </li>
    
    <li>
    <div class=operation>
      <h4>funcU64</h4>
      
      <div class=return>
      <span>u64</span>
      </div>
      <div class="parameters">
      
      <ol>
        
        <li>
          <span class="name">value</span>
          <span class="type ">u64</span>
          
        </li>
        
        <li>
          <span class="name">optional</span>
          <span class="type optional">u64</span>
          
        </li>
        
      </ol>
      
      </div>
    </div>
    </li>
    
    <li>
    <div class=operation>
      <h4>funcU32</h4>
      
      <div class=return>
      <span>u32</span>
      </div>
      <div class="parameters">
      
      <ol>
        
        <li>
          <span class="name">value</span>
          <span class="type ">u32</span>
          
        </li>
        
        <li>
          <span class="name">optional</span>
          <span class="type optional">u32</span>
          
        </li>
        
      </ol>
      
      </div>
    </div>
    </li>
    
    <li>
    <div class=operation>
      <h4>funcU16</h4>
      
      <div class=return>
      <span>u16</span>
      </div>
      <div class="parameters">
      
      <ol>
        
        <li>
          <span class="name">value</span>
          <span class="type ">u16</span>
          
        </li>
        
        <li>
          <span class="name">optional</span>
          <span class="type optional">u16</span>
          
        </li>
        
      </ol>
      
      </div>
    </div>
    </li>
    
    <li>
    <div class=operation>
      <h4>funcU8</h4>
      
      <div class=return>
      <span>u8</span>
      </div>
      <div class="parameters">
      
      <ol>
        
        <li>
          <span class="name">value</span>
          <span class="type ">u8</span>
          
        </li>
        
        <li>
          <span class="name">optional</span>
          <span class="type optional">u8</span>
          
        </li>
        
      </ol>
      
      </div>
    </div>
    </li>
    
    <li>
    <div class=operation>
      <h4>funcF64</h4>
      
      <div class=return>
      <span>f64</span>
      </div>
      <div class="parameters">
      
      <ol>
        
        <li>
          <span class="name">value</span>
          <span class="type ">f64</span>
          
        </li>
        
        <li>
          <span class="name">optional</span>
          <span class="type optional">f64</span>
          
        </li>
        
      </ol>
      
      </div>
    </div>
    </li>
    
    <li>
    <div class=operation>
      <h4>funcF32</h4>
      
      <div class=return>
      <span>f32</span>
      </div>
      <div class="parameters">
      
      <ol>
        
        <li>
          <span class="name">value</span>
          <span class="type ">f32</span>
          
        </li>
        
        <li>
          <span class="name">optional</span>
          <span class="type optional">f32</span>
          
        </li>
        
      </ol>
      
      </div>
    </div>
    </li>
    
    <li>
    <div class=operation>
      <h4>funcBytes</h4>
      
      <div class=return>
      <span>bytes</span>
      </div>
      <div class="parameters">
      
      <ol>
        
        <li>
          <span class="name">value</span>
          <span class="type ">bytes</span>
          
        </li>
        
        <li>
          <span class="name">optional</span>
          <span class="type optional">bytes</span>
          
        </li>
        
      </ol>
      
      </div>
    </div>
    </li>
    
  </ul>
</div>

  
  <div class="interface-definition">
  <h3 id="Repository">Repository</h3>
  <p></p>
  <ul>
    
    <li>
    <div class=operation>
      <h4>getData</h4>
      
      <div class=return>
      <span>MyType</span>
      </div>
      <div class="parameters">
      
      <span>None</span>
      
      </div>
    </div>
    </li>
    
  </ul>
</div>

  
              <h2>Types</h2>
              
  <div class="type-definition">
  <h3><a id="MyType">MyType</a></h3>
  <p>MyType is a class</p>

  <ol>
    
    <li>
      <span class="name">sameValue</span>
      <span class="type optional">MyType</span>
      <span class="description">same type value</span> 
    </li>
    
    <li>
      <span class="name">typeValue</span>
      <span class="type ">MyOtherType</span>
      <span class="description">type value</span> 
    </li>
    
    <li>
      <span class="name">stringValue</span>
      <span class="type ">string</span>
      <span class="description">string value</span> 
    </li>
    
    <li>
      <span class="name">stringOption</span>
      <span class="type optional">string</span>
      <span class="description">string option</span> 
    </li>
    
    <li>
      <span class="name">i64Value</span>
      <span class="type ">i64</span>
      <span class="description">i64 value</span> 
    </li>
    
    <li>
      <span class="name">i64Option</span>
      <span class="type optional">i64</span>
      <span class="description">i64 option</span> 
    </li>
    
    <li>
      <span class="name">i32Value</span>
      <span class="type ">i32</span>
      <span class="description">i32 value</span> 
    </li>
    
    <li>
      <span class="name">i32Option</span>
      <span class="type optional">i32</span>
      <span class="description">i32 option</span> 
    </li>
    
    <li>
      <span class="name">i16Value</span>
      <span class="type ">i16</span>
      <span class="description">i16 value</span> 
    </li>
    
    <li>
      <span class="name">i16Option</span>
      <span class="type optional">i16</span>
      <span class="description">i16 option</span> 
    </li>
    
    <li>
      <span class="name">i8Value</span>
      <span class="type ">i8</span>
      <span class="description">i8 value</span> 
    </li>
    
    <li>
      <span class="name">i8Option</span>
      <span class="type optional">i8</span>
      <span class="description">i8 option</span> 
    </li>
    
    <li>
      <span class="name">u64Value</span>
      <span class="type ">u64</span>
      <span class="description">u64 value</span> 
    </li>
    
    <li>
      <span class="name">u64Option</span>
      <span class="type optional">u64</span>
      <span class="description">u64 option</span> 
    </li>
    
    <li>
      <span class="name">u32Value</span>
      <span class="type ">u32</span>
      <span class="description">u32 value</span> 
    </li>
    
    <li>
      <span class="name">u32Option</span>
      <span class="type optional">u32</span>
      <span class="description">u32 option</span> 
    </li>
    
    <li>
      <span class="name">u16Value</span>
      <span class="type ">u16</span>
      <span class="description">u16 value</span> 
    </li>
    
    <li>
      <span class="name">u16Option</span>
      <span class="type optional">u16</span>
      <span class="description">u16 option</span> 
    </li>
    
    <li>
      <span class="name">u8Value</span>
      <span class="type ">u8</span>
      <span class="description">u8 value</span> 
    </li>
    
    <li>
      <span class="name">u8Option</span>
      <span class="type optional">u8</span>
      <span class="description">u8 option</span> 
    </li>
    
    <li>
      <span class="name">f64Value</span>
      <span class="type ">f64</span>
      <span class="description">f64 value</span> 
    </li>
    
    <li>
      <span class="name">f64Option</span>
      <span class="type optional">f64</span>
      <span class="description">f64 option</span> 
    </li>
    
    <li>
      <span class="name">f32Value</span>
      <span class="type ">f32</span>
      <span class="description">f32 value</span> 
    </li>
    
    <li>
      <span class="name">f32Option</span>
      <span class="type optional">f32</span>
      <span class="description">f32 option</span> 
    </li>
    
    <li>
      <span class="name">datetimeValue</span>
      <span class="type ">datetime</span>
      <span class="description">datetime value</span> 
    </li>
    
    <li>
      <span class="name">datetimeOption</span>
      <span class="type optional">datetime</span>
      <span class="description">datetime option</span> 
    </li>
    
    <li>
      <span class="name">bytesValue</span>
      <span class="type ">bytes</span>
      <span class="description">bytes value</span> 
    </li>
    
    <li>
      <span class="name">bytesOption</span>
      <span class="type optional">bytes</span>
      <span class="description">bytes option</span> 
    </li>
    
    <li>
      <span class="name">mapValue</span>
      <span class="type ">{string: i64}</span>
      <span class="description">map value</span> 
    </li>
    
    <li>
      <span class="name">mapOfTypes</span>
      <span class="type ">{string: MyType}</span>
      <span class="description">map of types</span> 
    </li>
    
    <li>
      <span class="name">arrayValue</span>
      <span class="type ">string[]</span>
      <span class="description">array value</span> 
    </li>
    
    <li>
      <span class="name">arrayOfTypes</span>
      <span class="type ">MyType[]</span>
      <span class="description">array of types</span> 
    </li>
    
    <li>
      <span class="name">unionValue</span>
      <span class="type ">MyUnion</span>
      <span class="description">union value</span> 
    </li>
    
    <li>
      <span class="name">unionOption</span>
      <span class="type optional">MyUnion</span>
      <span class="description">union option</span> 
    </li>
    
    <li>
      <span class="name">enumValue</span>
      <span class="type ">MyEnum</span>
      <span class="description">enum value</span> 
    </li>
    
    <li>
      <span class="name">enumOption</span>
      <span class="type optional">MyEnum</span>
      <span class="description">enum option</span> 
    </li>
    
    <li>
      <span class="name">aliasValue</span>
      <span class="type ">UUID</span>
      <span class="description">enum value</span> 
    </li>
    
    <li>
      <span class="name">aliasOption</span>
      <span class="type optional">UUID</span>
      <span class="description">enum option</span> 
    </li>
    
  </ol>
  </div>
  
  <div class="type-definition">
  <h3><a id="MyOtherType">MyOtherType</a></h3>
  <p></p>

  <ol>
    
    <li>
      <span class="name">foo</span>
      <span class="type ">string</span>
      
    </li>
    
    <li>
      <span class="name">bar</span>
      <span class="type ">string</span>
      
    </li>
    
  </ol>
  </div>
  
              <h2>Enums</h2>
              
<div class="type-definition">
  <h3><a name="MyEnum">MyEnum</a></h3>
  <p>MyEnum is an emuneration</p>
  <ol>
    
    <li>
      <span class="name">ONE</span>
      <span class="description">ONE value</span> 
    </li>
    
    <li>
      <span class="name">TWO</span>
      <span class="description">TWO value</span> 
    </li>
    
    <li>
      <span class="name">THREE</span>
      <span class="description">THREE value</span> 
    </li>
    
  </ol>
</div>  
              <h2>Aliases</h2>
              
<div class="alias-definition">
  <h3><a name="MyString">MyString</a> = string</h3>
  <p></p>
</div>
<div class="alias-definition">
  <h3><a name="UUID">UUID</a> = string</h3>
  <p></p>
</div>
              <h2>Unions</h2>
              
<div class="union-definition">
  <h3><a name="MyUnion">MyUnion</a> = MyType | MyEnum | MyString</h3>
  <p></p>
  <ol>

</ol>
</div>
  
            </div>
          </div>
        </div>
      </div>
    </body>
  </html>

    